[39m[49m[1m## Commands[39m[49m[22m                                                                    ▲
                                                                               [39m[49m[4m█
[39m[49m[24m┌─────────┬───────────────────────────────────────────────────────────────────┐[39m[49m[4m█
[39m[49m[24m│ [39m[49m[1mCommand[39m[49m[22m │ [39m[49m[1mDescription[39m[49m[22m                                                       │[39m[49m[4m█
[39m[49m[24m├─────────┼───────────────────────────────────────────────────────────────────┤[39m[49m[4m█
[39m[49m[24m│ [38;2;255;255;255m[48;2;178;178;178m[1mhelp[39m[49m[22m    │ Show command help.                                                │[39m[49m[4m█
[39m[49m[24m└─────────┴───────────────────────────────────────────────────────────────────┘[39m[49m[4m█
[39m[49m[24m                                                                               [39m[49m[4m█
[39m[49m[24;1m## Framework Options[39m[49m[22m                                                           [39m[49m[4m█
[39m[49m[24m                                                                               [39m[49m[4m█
[39m[49m[24m┌───────────────────────────┬─────────────────────────────────────────────────┐[39m[49m[4m█
[39m[49m[24m│ [39m[49m[1mOption[39m[49m[22m                    │ [39m[49m[1mDescription[39m[49m[22m                                     │[39m[49m[4m█
[39m[49m[24m├───────────────────────────┼─────────────────────────────────────────────────┤░
│ [38;2;255;255;255m[48;2;178;178;178m[1m--help[39m[49m[22m, [38;2;255;255;255m[48;2;178;178;178m[1m-h[39m[49m[22m                │ Show help                                       │░
│ [38;2;255;255;255m[48;2;178;178;178m[1m--version[39m[49m[22m                 │ Show version                                    │░
│ [38;2;255;255;255m[48;2;178;178;178m[1m--opencli[39m[49m[22m                 │ Emit OpenCLI metadata JSON                      │░
│ [38;2;255;255;255m[48;2;178;178;178m[1m--json[39m[49m[22m                    │ Emit JSON envelope output                       │▼
[38;2;54;69;79m[48;2;173;216;230m[1m [38;2;54;69;79m[48;2;173;216;230m[4mEsc[38;2;54;69;79m[48;2;173;216;230m[24m  Quit                                                                      
